{
'iso8859-jproperties:comment-convention/commentsExclamationMarkMissingWhitespace.properties':[
0,
],
'iso8859-jproperties:comment-convention/commentsHashMissingWhitespace.properties':[
0,
],
'iso8859-jproperties:fixme.properties':[
0,
],
'iso8859-jproperties:no-properties/noProperties.properties':[
0,
],
'iso8859-jproperties:todo.properties':[
0,
],
}
