{
'iso8859-jproperties:tooManyKeys50.properties':[
0,
],
}
