{
'iso8859-jproperties:emptyElement.properties':[
2,
8,
10,
],
'iso8859-jproperties:indentation/indentation.properties':[
13,
13,
14,
14,
],
'iso8859-jproperties:indentation/indentationIssueFirstLine.properties':[
8,
8,
9,
9,
],
'iso8859-jproperties:separatorConventionColon.properties':[
1,
2,
9,
9,
12,
12,
15,
18,
20,
],
'iso8859-jproperties:separatorConventionEquals.properties':[
5,
8,
11,
15,
],
}
