{
'iso8859-jproperties:commentedOutCode.properties':[
1,
],
'iso8859-jproperties:duplicatedKeys.properties':[
2,
6,
12,
],
'iso8859-jproperties:duplicatedValuesCustom1.properties':[
33,
],
'iso8859-jproperties:lineLength.properties':[
1,
],
'iso8859-jproperties:missing-translations/message.properties':[
3,
],
'iso8859-jproperties:missing-translations/message_en.properties':[
3,
],
'iso8859-jproperties:separatorConventionColon.properties':[
9,
20,
],
'iso8859-jproperties:separatorConventionEquals.properties':[
15,
],
'iso8859-jproperties:tooManyKeys30.properties':[
2,
],
'iso8859-jproperties:tooManyKeys50.properties':[
1,
],
'iso8859-jproperties:valueRegularExpression.properties':[
2,
],
}
