{
'iso8859-jproperties:missing-translations-in-default/message_fr_FR.properties':[
0,
],
'iso8859-jproperties:missing-translations/message_es.properties':[
0,
],
'iso8859-jproperties:missing-translations/message_fr.properties':[
0,
],
'iso8859-jproperties:missing-translations/message_fr_FR.properties':[
0,
],
}
