{
'iso8859-jproperties:duplicatedValues.properties':[
19,
20,
],
'iso8859-jproperties:duplicatedValuesCustom1.properties':[
15,
16,
],
'iso8859-jproperties:duplicatedValuesCustom2.properties':[
14,
15,
],
'iso8859-jproperties:emptyElement.properties':[
5,
8,
],
'iso8859-jproperties:separatorConventionColon.properties':[
20,
23,
],
'iso8859-jproperties:separatorConventionEquals.properties':[
15,
16,
],
}
