{
'iso8859-jproperties:commentedOutCode.properties':[
72,
73,
76,
77,
],
'iso8859-jproperties:fixme.properties':[
2,
5,
8,
11,
14,
],
}
