{
'iso8859-jproperties:duplicatedValues.properties':[
11,
],
'iso8859-jproperties:duplicatedValuesCustom1.properties':[
11,
],
'iso8859-jproperties:duplicatedValuesCustom2.properties':[
10,
],
'iso8859-jproperties:tooManyKeys30.properties':[
1,
],
}
