{
'iso8859-jproperties:comment-convention/commentsExclamationMarkAndHash.properties':[
11,
],
'iso8859-jproperties:commentRegularExpression.properties':[
5,
],
'iso8859-jproperties:cross-file-duplicated-keys/crossFileDuplicatedKeys1.properties':[
2,
3,
4,
],
'iso8859-jproperties:duplicated-keys-across-files/keys.properties':[
1,
2,
],
'iso8859-jproperties:duplicatedKeys.properties':[
6,
],
'iso8859-jproperties:duplicatedValues.properties':[
1,
4,
5,
7,
9,
12,
15,
19,
20,
22,
23,
26,
27,
29,
30,
32,
33,
],
'iso8859-jproperties:emptyElement.properties':[
1,
2,
5,
8,
],
'iso8859-jproperties:keyNamingConvention.properties':[
1,
2,
3,
6,
7,
10,
13,
16,
18,
],
'iso8859-jproperties:keyRegularExpression.properties':[
7,
8,
],
'iso8859-jproperties:missing-translations-in-default/message.properties':[
1,
2,
],
'iso8859-jproperties:separatorConventionColon.properties':[
1,
2,
5,
9,
18,
20,
],
'iso8859-jproperties:valueRegularExpression.properties':[
8,
9,
],
}
