{
'iso8859-jproperties:parsingError.properties':[
3,
],
}
