{
'iso8859-jproperties:commentedOutCode.properties':[
1,
],
'iso8859-jproperties:duplicatedKeys.properties':[
2,
],
'iso8859-jproperties:duplicatedValues.properties':[
4,
12,
],
'iso8859-jproperties:duplicatedValuesCustom1.properties':[
4,
12,
],
'iso8859-jproperties:duplicatedValuesCustom2.properties':[
3,
11,
],
'iso8859-jproperties:emptyElement.properties':[
1,
],
'iso8859-jproperties:indentation/indentation.properties':[
1,
],
'iso8859-jproperties:indentation/indentationIssueFirstLine.properties':[
1,
],
'iso8859-jproperties:keyNamingConvention.properties':[
1,
7,
],
'iso8859-jproperties:keyNamingConventionCustom.properties':[
2,
13,
],
'iso8859-jproperties:missing-translations/abc.properties':[
1,
],
'iso8859-jproperties:missing-translations/message.properties':[
1,
],
'iso8859-jproperties:missing-translations/message_en.properties':[
1,
],
'iso8859-jproperties:missing-translations/message_fr.properties':[
1,
],
'iso8859-jproperties:missing-translations/message_fr_FR.properties':[
1,
],
'iso8859-jproperties:separatorConventionColon.properties':[
1,
],
'iso8859-jproperties:separatorConventionEquals.properties':[
1,
],
'iso8859-jproperties:tabCharacter.properties':[
1,
],
'iso8859-jproperties:tooManyKeys30.properties':[
2,
],
'iso8859-jproperties:tooManyKeys50.properties':[
1,
],
}
