{
'iso8859-jproperties:duplicatedKeys.properties':[
12,
13,
],
'iso8859-jproperties:duplicatedValues.properties':[
29,
30,
],
'iso8859-jproperties:duplicatedValuesCustom1.properties':[
28,
29,
],
'iso8859-jproperties:duplicatedValuesCustom2.properties':[
27,
28,
],
'iso8859-jproperties:keyNamingConvention.properties':[
6,
10,
13,
16,
],
'iso8859-jproperties:keyNamingConventionCustom.properties':[
11,
14,
15,
16,
],
}
