{
'iso8859-jproperties:no-properties/noProperties.properties':[
0,
],
'iso8859-jproperties:noNewLineEndOfFile.properties':[
0,
],
}
