{
'iso8859-jproperties:tabCharacter.properties':[
0,
],
}
