{
'iso8859-jproperties:commentedOutCode.properties':[
74,
75,
78,
79,
],
'iso8859-jproperties:todo.properties':[
2,
5,
8,
11,
14,
],
}
