{
'iso8859-jproperties:comment-convention/commentsExclamationMarkAndHash.properties':[
2,
4,
],
'iso8859-jproperties:comment-convention/commentsExclamationMarkMissingWhitespace.properties':[
3,
],
'iso8859-jproperties:comment-convention/commentsExclamationMarkOnly.properties':[
1,
],
'iso8859-jproperties:comment-convention/commentsHashAndExclamationMark.properties':[
1,
4,
],
'iso8859-jproperties:comment-convention/commentsHashMissingWhitespace.properties':[
3,
],
'iso8859-jproperties:comment-convention/commentsHashOnly.properties':[
1,
],
'iso8859-jproperties:commentedOutCode.properties':[
5,
9,
13,
17,
],
'iso8859-jproperties:indentation/indentation.properties':[
4,
7,
10,
13,
17,
20,
],
'iso8859-jproperties:indentation/indentationIssueFirstLine.properties':[
1,
5,
8,
],
'iso8859-jproperties:keyNamingConvention.properties':[
13,
],
'iso8859-jproperties:keyRegularExpression.properties':[
5,
],
'iso8859-jproperties:lineLength.properties':[
3,
4,
],
'iso8859-jproperties:separatorConventionColon.properties':[
2,
5,
9,
12,
15,
18,
],
'iso8859-jproperties:separatorConventionEquals.properties':[
2,
5,
8,
11,
],
'iso8859-jproperties:tabCharacter.properties':[
2,
],
}
