{
'iso8859-jproperties:comment-convention/commentsExclamationMarkAndHash.properties':[
1,
4,
6,
9,
],
'iso8859-jproperties:comment-convention/commentsExclamationMarkMissingWhitespace.properties':[
1,
2,
2,
3,
3,
],
'iso8859-jproperties:comment-convention/commentsExclamationMarkOnly.properties':[
1,
2,
3,
],
'iso8859-jproperties:comment-convention/commentsHashAndExclamationMark.properties':[
4,
9,
],
'iso8859-jproperties:comment-convention/commentsHashMissingWhitespace.properties':[
2,
3,
],
'iso8859-jproperties:commentRegularExpression.properties':[
2,
],
'iso8859-jproperties:commentedOutCode.properties':[
3,
5,
11,
11,
13,
13,
15,
17,
19,
21,
23,
25,
27,
29,
31,
33,
35,
37,
39,
41,
43,
45,
57,
58,
60,
61,
62,
68,
69,
70,
72,
73,
73,
74,
75,
75,
76,
77,
77,
78,
79,
79,
],
'iso8859-jproperties:fixme.properties':[
5,
8,
11,
11,
14,
],
'iso8859-jproperties:indentation/indentation.properties':[
7,
17,
],
'iso8859-jproperties:todo.properties':[
5,
8,
11,
11,
14,
],
}
