{
'iso8859-jproperties:file-name/file_name.ko.properties':[
0,
],
'iso8859-jproperties:file-name/file_name.kocustom.properties':[
0,
],
'iso8859-jproperties:file-name/file_name.ok.properties':[
0,
],
}
