{
'utf8:duplicatedKeysUTF8WithBOM.properties':[
1,
],
}
