{
'utf8:duplicatedKeysUTF8WithBOM.properties':[
0,
],
}
