{
'utf8:indentation/indentationUTF8WithBOM.properties':[
1,
],
'utf8:indentation/indentationUTF8WithBOMIssueFirstLine.properties':[
1,
],
}
