{
'utf8:bom/utf8WithBOM.properties':[
0,
],
'utf8:duplicatedKeysUTF8WithBOM.properties':[
0,
],
'utf8:indentation/indentationUTF8WithBOM.properties':[
0,
],
'utf8:indentation/indentationUTF8WithBOMIssueFirstLine.properties':[
0,
],
}
