{
'utf8:java9-default-encoding-switch/java9DefaultEncodingSwitchUTF8.properties':[
2,
],
}
