{
'utf8:indentation/indentationUTF8WithBOM.properties':[
4,
7,
],
'utf8:indentation/indentationUTF8WithBOMIssueFirstLine.properties':[
1,
5,
8,
],
}
