{
'utf8:bom/utf8.properties':[
1,
],
'utf8:indentation/indentationUTF8WithBOM.properties':[
1,
4,
7,
8,
],
}
