{
'utf8:indentation/indentationUTF8WithBOM.properties':[
7,
7,
8,
8,
],
'utf8:indentation/indentationUTF8WithBOMIssueFirstLine.properties':[
8,
8,
9,
9,
],
}
