{
'iso8859:no-properties/noProperties.properties':[
0,
],
'iso8859:noNewLineEndOfFile.properties':[
0,
],
}
