{
'iso8859:missing-translations-in-default/message.properties':[
0,
0,
0,
0,
],
'iso8859:missing-translations/message.properties':[
0,
0,
],
}
