{
'iso8859:commentedOutCode.properties':[
1,
],
'iso8859:duplicatedKeys.properties':[
2,
6,
12,
],
'iso8859:duplicatedValuesCustom1.properties':[
33,
],
'iso8859:lineLength.properties':[
1,
],
'iso8859:missing-translations/message.properties':[
3,
],
'iso8859:missing-translations/message_en.properties':[
3,
],
'iso8859:separatorConventionColon.properties':[
9,
20,
],
'iso8859:separatorConventionEquals.properties':[
15,
],
'iso8859:tooManyKeys30.properties':[
2,
],
'iso8859:tooManyKeys50.properties':[
1,
],
'iso8859:valueRegularExpression.properties':[
2,
],
}
