{
'iso8859:hard-coded-credentials/hardCodedCredentials.properties':[
2,
5,
8,
11,
14,
],
}
