{
'iso8859:comment-convention/commentsExclamationMarkMissingWhitespace.properties':[
0,
],
'iso8859:comment-convention/commentsHashMissingWhitespace.properties':[
0,
],
'iso8859:fixme.properties':[
0,
],
'iso8859:no-properties/noProperties.properties':[
0,
],
'iso8859:todo.properties':[
0,
],
}
