{
'iso8859:duplicatedValues.properties':[
19,
20,
],
'iso8859:duplicatedValuesCustom1.properties':[
15,
16,
],
'iso8859:duplicatedValuesCustom2.properties':[
14,
15,
],
'iso8859:emptyElement.properties':[
5,
8,
],
'iso8859:separatorConventionColon.properties':[
20,
23,
],
'iso8859:separatorConventionEquals.properties':[
15,
16,
],
}
