{
'iso8859:duplicatedValues.properties':[
11,
],
'iso8859:duplicatedValuesCustom1.properties':[
11,
],
'iso8859:duplicatedValuesCustom2.properties':[
10,
],
'iso8859:tooManyKeys30.properties':[
1,
],
}
