{
'iso8859:java9-default-encoding-switch/java9DefaultEncodingSwitchISO88591.properties':[
2,
5,
],
}
