{
'iso8859:duplicatedKeys.properties':[
12,
13,
],
'iso8859:duplicatedValues.properties':[
29,
30,
],
'iso8859:duplicatedValuesCustom1.properties':[
28,
29,
],
'iso8859:duplicatedValuesCustom2.properties':[
27,
28,
],
'iso8859:keyNamingConvention.properties':[
6,
10,
13,
16,
],
'iso8859:keyNamingConventionCustom.properties':[
11,
14,
15,
16,
],
}
