{
'iso8859:commentedOutCode.properties':[
1,
],
'iso8859:duplicatedKeys.properties':[
2,
],
'iso8859:duplicatedValues.properties':[
4,
12,
],
'iso8859:duplicatedValuesCustom1.properties':[
4,
12,
],
'iso8859:duplicatedValuesCustom2.properties':[
3,
11,
],
'iso8859:emptyElement.properties':[
1,
],
'iso8859:indentation/indentation.properties':[
1,
],
'iso8859:indentation/indentationIssueFirstLine.properties':[
1,
],
'iso8859:keyNamingConvention.properties':[
1,
7,
],
'iso8859:keyNamingConventionCustom.properties':[
2,
13,
],
'iso8859:missing-translations/abc.properties':[
1,
],
'iso8859:missing-translations/message.properties':[
1,
],
'iso8859:missing-translations/message_en.properties':[
1,
],
'iso8859:missing-translations/message_fr.properties':[
1,
],
'iso8859:missing-translations/message_fr_FR.properties':[
1,
],
'iso8859:separatorConventionColon.properties':[
1,
],
'iso8859:separatorConventionEquals.properties':[
1,
],
'iso8859:tabCharacter.properties':[
1,
],
'iso8859:tooManyKeys30.properties':[
2,
],
'iso8859:tooManyKeys50.properties':[
1,
],
}
