{
'iso8859:commentedOutCode.properties':[
74,
75,
78,
79,
],
'iso8859:todo.properties':[
2,
5,
8,
11,
14,
],
}
