{
'project:custom/missing-translations-in-default/message_fr_FR.properties':[
0,
],
'project:custom/missing-translations/message_es.properties':[
0,
],
'project:custom/missing-translations/message_fr.properties':[
0,
],
'project:custom/missing-translations/message_fr_FR.properties':[
0,
],
}
