{
'project:custom/missing-translations-in-default/message.properties':[
0,
0,
0,
0,
],
'project:custom/missing-translations/message.properties':[
0,
0,
],
}
